// Vitest Snapshot v1, https://vitest.dev/guide/snapshot.html

exports[`Rental_unit Management UI Snapshots > should match snapshot of default rental_unit listing view 1`] = `"<div class="container mx-auto p-4 flex"><div class="w-2/3"><div class="flex justify-between items-center mb-4"><h1 class="text-2xl font-bold">Rental_Units</h1></div><div class="bg-card text-card-foreground rounded-lg border shadow-sm"><div class="p-0"><div class="grid grid-cols-4 gap-4 p-4 font-medium border-b bg-muted/50"><div>Rental_unit</div><div>Type</div><div>Status</div><div>Rate</div></div><button type="button" class="grid grid-cols-4 gap-4 p-4 text-left hover:bg-muted/50 w-full border-b last:border-b-0 pointer-events-none"><div><div class="font-medium">Test Rental_unit 101</div><div class="text-sm text-muted-foreground">Test Property - Floor 1 Wing A</div></div><div class="flex items-center"><span class="capitalize">single</span></div><div><span class="focus:ring-ring inline-flex select-none items-center rounded-full border px-2.5 py-0.5 text-xs font-semibold transition-colors focus:outline-none focus:ring-2 focus:ring-offset-2 bg-secondary text-secondary-foreground hover:bg-secondary/80 border-transparent">VACANT</span></div><div>â‚±5,000/mo</div></button></div></div></div><div class="w-1/3 pl-4"><div class="bg-card text-card-foreground rounded-lg border shadow-sm"><div class="flex flex-col space-y-1.5 p-6"><h3 class="text-lg font-semibold leading-none tracking-tight">Add Rental_unit</h3></div><div class="p-6 pt-0"><form method="POST" action="?/create" class="space-y-4 mb-8"><div><label data-melt-label="" data-label-root="" class="text-sm font-medium leading-none peer-disabled:cursor-not-allowed peer-disabled:opacity-70" for="property_id">Property</label><button aria-autocomplete="list" aria-controls="test-id" aria-expanded="false" aria-labelledby="test-label" id="test-id" role="combobox" type="button" data-melt-select-trigger="" data-select-trigger="" class="border-input bg-background ring-offset-background focus-visible:ring-ring aria-[invalid]:border-destructive data-[placeholder]:[&amp;>span]:text-muted-foreground flex h-10 w-full items-center justify-between rounded-md border px-3 py-2 text-sm focus-visible:outline-none focus-visible:ring-2 focus-visible:ring-offset-2 disabled:cursor-not-allowed disabled:opacity-50 [&amp;>span]:line-clamp-1"><span data-select-value="">Select a property</span><div><svg xmlns="http://www.w3.org/2000/svg" width="24" height="24" viewBox="0 0 24 24" fill="none" stroke="currentColor" stroke-width="2" stroke-linecap="round" stroke-linejoin="round" class="lucide-icon lucide lucide-chevron-down h-4 w-4 opacity-50"><path d="m6 9 6 6 6-6"></path></svg></div></button></div><div><label data-melt-label="" data-label-root="" class="text-sm font-medium leading-none peer-disabled:cursor-not-allowed peer-disabled:opacity-70" for="floor_id">Floor</label><button aria-autocomplete="list" aria-controls="test-id" aria-expanded="false" aria-labelledby="test-label" id="test-id" role="combobox" type="button" data-melt-select-trigger="" data-select-trigger="" class="border-input bg-background ring-offset-background focus-visible:ring-ring aria-[invalid]:border-destructive data-[placeholder]:[&amp;>span]:text-muted-foreground flex h-10 w-full items-center justify-between rounded-md border px-3 py-2 text-sm focus-visible:outline-none focus-visible:ring-2 focus-visible:ring-offset-2 disabled:cursor-not-allowed disabled:opacity-50 [&amp;>span]:line-clamp-1"><span data-select-value="">Select a floor</span><div><svg xmlns="http://www.w3.org/2000/svg" width="24" height="24" viewBox="0 0 24 24" fill="none" stroke="currentColor" stroke-width="2" stroke-linecap="round" stroke-linejoin="round" class="lucide-icon lucide lucide-chevron-down h-4 w-4 opacity-50"><path d="m6 9 6 6 6-6"></path></svg></div></button></div><div><label data-melt-label="" data-label-root="" class="text-sm font-medium leading-none peer-disabled:cursor-not-allowed peer-disabled:opacity-70" for="name">Name</label><input class="border-input bg-background ring-offset-background placeholder:text-muted-foreground focus-visible:ring-ring flex h-10 w-full rounded-md border px-3 py-2 text-sm file:border-0 file:bg-transparent file:text-sm file:font-medium focus-visible:outline-none focus-visible:ring-2 focus-visible:ring-offset-2 disabled:cursor-not-allowed disabled:opacity-50" id="test-id" name="name"></div><div><label data-melt-label="" data-label-root="" class="text-sm font-medium leading-none peer-disabled:cursor-not-allowed peer-disabled:opacity-70" for="number">Number</label><input class="border-input bg-background ring-offset-background placeholder:text-muted-foreground focus-visible:ring-ring flex h-10 w-full rounded-md border px-3 py-2 text-sm file:border-0 file:bg-transparent file:text-sm file:font-medium focus-visible:outline-none focus-visible:ring-2 focus-visible:ring-offset-2 disabled:cursor-not-allowed disabled:opacity-50" type="number" id="test-id" name="number"></div><div><label data-melt-label="" data-label-root="" class="text-sm font-medium leading-none peer-disabled:cursor-not-allowed peer-disabled:opacity-70" for="type">Type</label><button aria-autocomplete="list" aria-controls="test-id" aria-expanded="false" aria-labelledby="test-label" id="test-id" role="combobox" type="button" data-melt-select-trigger="" data-select-trigger="" class="border-input bg-background ring-offset-background focus-visible:ring-ring aria-[invalid]:border-destructive data-[placeholder]:[&amp;>span]:text-muted-foreground flex h-10 w-full items-center justify-between rounded-md border px-3 py-2 text-sm focus-visible:outline-none focus-visible:ring-2 focus-visible:ring-offset-2 disabled:cursor-not-allowed disabled:opacity-50 [&amp;>span]:line-clamp-1"><span data-select-value="">Select a type</span><div><svg xmlns="http://www.w3.org/2000/svg" width="24" height="24" viewBox="0 0 24 24" fill="none" stroke="currentColor" stroke-width="2" stroke-linecap="round" stroke-linejoin="round" class="lucide-icon lucide lucide-chevron-down h-4 w-4 opacity-50"><path d="m6 9 6 6 6-6"></path></svg></div></button></div><div><label data-melt-label="" data-label-root="" class="text-sm font-medium leading-none peer-disabled:cursor-not-allowed peer-disabled:opacity-70" for="capacity">Capacity</label><input class="border-input bg-background ring-offset-background placeholder:text-muted-foreground focus-visible:ring-ring flex h-10 w-full rounded-md border px-3 py-2 text-sm file:border-0 file:bg-transparent file:text-sm file:font-medium focus-visible:outline-none focus-visible:ring-2 focus-visible:ring-offset-2 disabled:cursor-not-allowed disabled:opacity-50" type="number" id="test-id" name="capacity"></div><div><label data-melt-label="" data-label-root="" class="text-sm font-medium leading-none peer-disabled:cursor-not-allowed peer-disabled:opacity-70" for="base_rate">Base Rate</label><input class="border-input bg-background ring-offset-background placeholder:text-muted-foreground focus-visible:ring-ring flex h-10 w-full rounded-md border px-3 py-2 text-sm file:border-0 file:bg-transparent file:text-sm file:font-medium focus-visible:outline-none focus-visible:ring-2 focus-visible:ring-offset-2 disabled:cursor-not-allowed disabled:opacity-50" type="number" id="test-id" name="base_rate"></div><div><label data-melt-label="" data-label-root="" class="text-sm font-medium leading-none peer-disabled:cursor-not-allowed peer-disabled:opacity-70" for="rental_unit_status">Status</label><button aria-autocomplete="list" aria-controls="test-id" aria-expanded="false" aria-labelledby="test-label" id="test-id" role="combobox" type="button" data-melt-select-trigger="" data-select-trigger="" class="border-input bg-background ring-offset-background focus-visible:ring-ring aria-[invalid]:border-destructive data-[placeholder]:[&amp;>span]:text-muted-foreground flex h-10 w-full items-center justify-between rounded-md border px-3 py-2 text-sm focus-visible:outline-none focus-visible:ring-2 focus-visible:ring-offset-2 disabled:cursor-not-allowed disabled:opacity-50 [&amp;>span]:line-clamp-1"><span data-select-value="">Select a status</span><div><svg xmlns="http://www.w3.org/2000/svg" width="24" height="24" viewBox="0 0 24 24" fill="none" stroke="currentColor" stroke-width="2" stroke-linecap="round" stroke-linejoin="round" class="lucide-icon lucide lucide-chevron-down h-4 w-4 opacity-50"><path d="m6 9 6 6 6-6"></path></svg></div></button></div><div><label data-melt-label="" data-label-root="" class="text-sm font-medium leading-none peer-disabled:cursor-not-allowed peer-disabled:opacity-70">Amenities</label><div class="flex gap-2"><input class="border-input bg-background ring-offset-background placeholder:text-muted-foreground focus-visible:ring-ring flex h-10 w-full rounded-md border px-3 py-2 text-sm file:border-0 file:bg-transparent file:text-sm file:font-medium focus-visible:outline-none focus-visible:ring-2 focus-visible:ring-offset-2 disabled:cursor-not-allowed disabled:opacity-50" type="text" placeholder="Add amenity"><button type="button" tabindex="0" class="ring-offset-background focus-visible:ring-ring inline-flex items-center justify-center whitespace-nowrap rounded-md text-sm font-medium transition-colors focus-visible:outline-none focus-visible:ring-2 focus-visible:ring-offset-2 disabled:pointer-events-none disabled:opacity-50 bg-primary text-primary-foreground hover:bg-primary/90 h-10 px-4 py-2" data-button-root="">Add</button></div></div><div class="flex justify-end space-x-2"><button type="submit" tabindex="0" class="ring-offset-background focus-visible:ring-ring inline-flex items-center justify-center whitespace-nowrap rounded-md text-sm font-medium transition-colors focus-visible:outline-none focus-visible:ring-2 focus-visible:ring-offset-2 disabled:pointer-events-none disabled:opacity-50 bg-primary text-primary-foreground hover:bg-primary/90 h-10 px-4 py-2" data-button-root="">Add Rental_unit</button></div></form></div></div></div></div>"`;
